// Jest Snapshot v1, https://goo.gl/fbAQLP

exports[`renders homepage unchanged 1`] = `
<div>
  <main
    class="min-h-screen max-w-screen overflow-x-hidden "
  >
    <h1>
      Home
    </h1>
  </main>
</div>
`;
